2024-12-07 18:44:05 INFO  com.example.tests.HandesaimTelAvivSanity - setup - Starting test suite...
2024-12-07 18:44:08 INFO  com.example.tests.HandesaimTelAvivSanity - setup - Navigating to: https://yedion.cts.org.il/yedion/fireflyweb.aspx?prgname=login ...
2024-12-07 18:44:08 INFO  com.example.tests.HandesaimTelAvivSanity - successfulLogin - Running...
2024-12-07 18:45:26 INFO  com.example.tests.HandesaimTelAvivSanity - setup - Starting test suite...
2024-12-07 18:45:26 ERROR com.example.tests.HandesaimTelAvivSanity - setup - src\resources\config.properties (The system cannot find the file specified)
2024-12-07 18:45:26 INFO  com.example.tests.HandesaimTelAvivSanity - successfulLogin - Running...
2024-12-07 18:46:40 INFO  com.example.tests.HandesaimTelAvivSanity - setup - Starting test suite...
2024-12-07 18:46:43 INFO  com.example.tests.HandesaimTelAvivSanity - setup - Navigating to: https://yedion.cts.org.il/yedion/fireflyweb.aspx?prgname=login
2024-12-07 18:46:43 INFO  com.example.tests.HandesaimTelAvivSanity - successfulLogin - Running...
2024-12-07 18:47:28 INFO  com.example.tests.HandesaimTelAvivSanity - setup - Starting test suite...
2024-12-07 18:47:30 INFO  com.example.tests.HandesaimTelAvivSanity - setup - Navigating to: https://yedion.cts.org.il/yedion/fireflyweb.aspx?prgname=login
2024-12-07 18:47:30 INFO  com.example.tests.HandesaimTelAvivSanity - successfulLogin - Running...
2024-12-07 18:47:30 INFO  com.example.tests.HandesaimTelAvivSanity - successfulLogin - Test passed...
2024-12-08 19:35:06 DEBUG TestNG - debug - suiteXmlPath: "C:\Users\eitan\AppData\Local\JetBrains\IdeaIC2024.3\temp-testng-customsuite.xml"
2024-12-08 19:35:06 INFO  Utils - info - [TestNG] Running:
  C:\Users\eitan\AppData\Local\JetBrains\IdeaIC2024.3\temp-testng-customsuite.xml

2024-12-08 19:35:06 INFO  com.example.tests.HandesaimTelAvivSanity - setup - Starting test suite...
2024-12-08 19:35:11 INFO  com.example.tests.HandesaimTelAvivSanity - setup - Navigating to: https://yedion.cts.org.il/yedion/fireflyweb.aspx?prgname=login
2024-12-08 19:35:11 INFO  com.example.tests.HandesaimTelAvivSanity - successfulLogin - Running...
2024-12-08 19:36:04 DEBUG TestNG - debug - suiteXmlPath: "C:\Users\eitan\AppData\Local\JetBrains\IdeaIC2024.3\temp-testng-customsuite.xml"
2024-12-08 19:36:04 INFO  Utils - info - [TestNG] Running:
  C:\Users\eitan\AppData\Local\JetBrains\IdeaIC2024.3\temp-testng-customsuite.xml

2024-12-08 19:36:04 INFO  com.example.tests.HandesaimTelAvivSanity - setup - Starting test suite...
2024-12-08 19:36:06 INFO  com.example.tests.HandesaimTelAvivSanity - setup - Navigating to: https://yedion.cts.org.il/yedion/fireflyweb.aspx?prgname=login
2024-12-08 19:36:06 INFO  com.example.tests.HandesaimTelAvivSanity - successfulLogin - Running...
2024-12-08 19:36:07 INFO  com.example.tests.HandesaimTelAvivSanity - successfulLogin - Test passed...
2024-12-11 21:19:28 DEBUG TestNG - debug - suiteXmlPath: "C:\Users\eitan\AppData\Local\JetBrains\IdeaIC2024.3\temp-testng-customsuite.xml"
2024-12-11 21:19:29 INFO  Utils - info - [TestNG] Running:
  C:\Users\eitan\AppData\Local\JetBrains\IdeaIC2024.3\temp-testng-customsuite.xml

2024-12-11 21:19:29 INFO  com.example.tests.HandesaimTelAvivSanity - setup - Starting test suite...
2024-12-11 21:19:33 INFO  com.example.tests.HandesaimTelAvivSanity - setup - Navigating to: https://yedion.cts.org.il/yedion/fireflyweb.aspx?prgname=login
2024-12-11 21:19:33 INFO  com.example.tests.HandesaimTelAvivSanity - unsuccessfulLogin - Running...
2024-12-11 21:20:28 DEBUG TestNG - debug - suiteXmlPath: "C:\Users\eitan\AppData\Local\JetBrains\IdeaIC2024.3\temp-testng-customsuite.xml"
2024-12-11 21:20:29 INFO  Utils - info - [TestNG] Running:
  C:\Users\eitan\AppData\Local\JetBrains\IdeaIC2024.3\temp-testng-customsuite.xml

2024-12-11 21:20:29 INFO  com.example.tests.HandesaimTelAvivSanity - setup - Starting test suite...
2024-12-11 21:20:31 INFO  com.example.tests.HandesaimTelAvivSanity - setup - Navigating to: https://yedion.cts.org.il/yedion/fireflyweb.aspx?prgname=login
2024-12-11 21:20:31 INFO  com.example.tests.HandesaimTelAvivSanity - unsuccessfulLogin - Running...
2024-12-11 21:21:00 DEBUG TestNG - debug - suiteXmlPath: "C:\Users\eitan\AppData\Local\JetBrains\IdeaIC2024.3\temp-testng-customsuite.xml"
2024-12-11 21:21:00 INFO  Utils - info - [TestNG] Running:
  C:\Users\eitan\AppData\Local\JetBrains\IdeaIC2024.3\temp-testng-customsuite.xml

2024-12-11 21:21:00 INFO  com.example.tests.HandesaimTelAvivSanity - setup - Starting test suite...
2024-12-11 21:21:03 INFO  com.example.tests.HandesaimTelAvivSanity - setup - Navigating to: https://yedion.cts.org.il/yedion/fireflyweb.aspx?prgname=login
2024-12-11 21:21:03 INFO  com.example.tests.HandesaimTelAvivSanity - unsuccessfulLogin - Running...
2024-12-11 21:21:06 DEBUG TestNG - debug - suiteXmlPath: "C:\Users\eitan\AppData\Local\JetBrains\IdeaIC2024.3\temp-testng-customsuite.xml"
2024-12-11 21:21:06 INFO  Utils - info - [TestNG] Running:
  C:\Users\eitan\AppData\Local\JetBrains\IdeaIC2024.3\temp-testng-customsuite.xml

2024-12-11 21:21:06 INFO  com.example.tests.HandesaimTelAvivSanity - setup - Starting test suite...
2024-12-11 21:21:08 INFO  com.example.tests.HandesaimTelAvivSanity - setup - Navigating to: https://yedion.cts.org.il/yedion/fireflyweb.aspx?prgname=login
2024-12-11 21:21:08 INFO  com.example.tests.HandesaimTelAvivSanity - unsuccessfulLogin - Running...
2024-12-11 21:21:09 INFO  com.example.tests.HandesaimTelAvivSanity - unsuccessfulLogin - Test passed...
2024-12-11 21:21:19 DEBUG TestNG - debug - suiteXmlPath: "C:\Users\eitan\AppData\Local\JetBrains\IdeaIC2024.3\temp-testng-customsuite.xml"
2024-12-11 21:21:20 INFO  Utils - info - [TestNG] Running:
  C:\Users\eitan\AppData\Local\JetBrains\IdeaIC2024.3\temp-testng-customsuite.xml

2024-12-11 21:21:20 INFO  com.example.tests.HandesaimTelAvivSanity - setup - Starting test suite...
2024-12-11 21:21:22 INFO  com.example.tests.HandesaimTelAvivSanity - setup - Navigating to: https://yedion.cts.org.il/yedion/fireflyweb.aspx?prgname=login
2024-12-11 21:21:22 INFO  com.example.tests.HandesaimTelAvivSanity - successfulLogin - Running...
2024-12-11 21:21:22 INFO  com.example.tests.HandesaimTelAvivSanity - successfulLogin - Test passed...
2024-12-11 21:21:22 INFO  com.example.tests.HandesaimTelAvivSanity - unsuccessfulLogin - Running...
2024-12-11 21:23:25 DEBUG TestNG - debug - suiteXmlPath: "C:\Users\eitan\AppData\Local\JetBrains\IdeaIC2024.3\temp-testng-customsuite.xml"
2024-12-11 21:23:25 INFO  Utils - info - [TestNG] Running:
  C:\Users\eitan\AppData\Local\JetBrains\IdeaIC2024.3\temp-testng-customsuite.xml

2024-12-11 21:23:25 INFO  com.example.tests.HandesaimTelAvivSanity - setup - Starting test suite...
2024-12-11 21:23:27 INFO  com.example.tests.HandesaimTelAvivSanity - visitStartingPage - Navigating to: https://yedion.cts.org.il/yedion/fireflyweb.aspx?prgname=login
2024-12-11 21:23:27 INFO  com.example.tests.HandesaimTelAvivSanity - successfulLogin - Running...
2024-12-11 21:23:28 INFO  com.example.tests.HandesaimTelAvivSanity - successfulLogin - Test passed...
2024-12-11 21:23:28 INFO  com.example.tests.HandesaimTelAvivSanity - unsuccessfulLogin - Running...
2024-12-11 21:24:12 DEBUG TestNG - debug - suiteXmlPath: "C:\Users\eitan\AppData\Local\JetBrains\IdeaIC2024.3\temp-testng-customsuite.xml"
2024-12-11 21:24:12 INFO  Utils - info - [TestNG] Running:
  C:\Users\eitan\AppData\Local\JetBrains\IdeaIC2024.3\temp-testng-customsuite.xml

2024-12-11 21:24:12 INFO  com.example.tests.HandesaimTelAvivSanity - setup - Starting test suite...
2024-12-11 21:24:14 INFO  com.example.tests.HandesaimTelAvivSanity - visitStartingPage - Navigating to: https://yedion.cts.org.il/yedion/fireflyweb.aspx?prgname=login
2024-12-11 21:24:14 INFO  com.example.tests.HandesaimTelAvivSanity - successfulLogin - Running...
2024-12-11 21:24:15 INFO  com.example.tests.HandesaimTelAvivSanity - successfulLogin - Test passed...
2024-12-11 21:24:15 INFO  com.example.tests.HandesaimTelAvivSanity - visitStartingPage - Navigating to: https://yedion.cts.org.il/yedion/fireflyweb.aspx?prgname=login
2024-12-11 21:24:15 INFO  com.example.tests.HandesaimTelAvivSanity - unsuccessfulLogin - Running...
2024-12-11 21:24:15 INFO  com.example.tests.HandesaimTelAvivSanity - unsuccessfulLogin - Test passed...
2024-12-11 21:25:13 DEBUG TestNG - debug - suiteXmlPath: "C:\Users\eitan\AppData\Local\JetBrains\IdeaIC2024.3\temp-testng-customsuite.xml"
2024-12-11 21:25:13 INFO  Utils - info - [TestNG] Running:
  C:\Users\eitan\AppData\Local\JetBrains\IdeaIC2024.3\temp-testng-customsuite.xml

2024-12-11 21:25:13 INFO  com.example.tests.HandesaimTelAvivSanity - setup - Starting test suite...
2024-12-11 21:25:15 INFO  com.example.tests.HandesaimTelAvivSanity - visitStartingPage - Navigating to: https://yedion.cts.org.il/yedion/fireflyweb.aspx?prgname=login
2024-12-11 21:25:15 INFO  com.example.tests.HandesaimTelAvivSanity - successfulLogin - Running...
2024-12-11 21:25:16 INFO  com.example.tests.HandesaimTelAvivSanity - successfulLogin - PASSED
2024-12-11 21:25:16 INFO  com.example.tests.HandesaimTelAvivSanity - visitStartingPage - Navigating to: https://yedion.cts.org.il/yedion/fireflyweb.aspx?prgname=login
2024-12-11 21:25:16 INFO  com.example.tests.HandesaimTelAvivSanity - unsuccessfulLogin - Running...
2024-12-11 21:25:16 INFO  com.example.tests.HandesaimTelAvivSanity - unsuccessfulLogin - PASSED
2024-12-11 21:37:18 DEBUG TestNG - debug - suiteXmlPath: "C:\Users\eitan\AppData\Local\JetBrains\IdeaIC2024.3\temp-testng-customsuite.xml"
2024-12-11 21:37:19 INFO  Utils - info - [TestNG] Running:
  C:\Users\eitan\AppData\Local\JetBrains\IdeaIC2024.3\temp-testng-customsuite.xml

2024-12-11 21:37:19 INFO  com.example.tests.HandesaimTelAvivSanity - setup - Starting test suite...
2024-12-11 21:37:21 INFO  com.example.tests.HandesaimTelAvivSanity - visitStartingPage - Navigating to: https://yedion.cts.org.il/yedion/fireflyweb.aspx?prgname=login
2024-12-11 21:37:21 INFO  com.example.tests.HandesaimTelAvivSanity - successfulLogin - Running...
2024-12-11 21:37:21 INFO  com.example.tests.HandesaimTelAvivSanity - successfulLogin - PASSED
2024-12-11 21:38:55 DEBUG TestNG - debug - suiteXmlPath: "C:\Users\eitan\AppData\Local\JetBrains\IdeaIC2024.3\temp-testng-customsuite.xml"
2024-12-11 21:38:56 INFO  Utils - info - [TestNG] Running:
  C:\Users\eitan\AppData\Local\JetBrains\IdeaIC2024.3\temp-testng-customsuite.xml

2024-12-11 21:38:56 INFO  com.example.tests.HandesaimTelAvivSanity - setup - Starting test suite...
2024-12-11 21:38:58 INFO  com.example.tests.HandesaimTelAvivSanity - visitStartingPage - Navigating to: https://yedion.cts.org.il/yedion/fireflyweb.aspx?prgname=login
2024-12-11 21:38:58 INFO  com.example.tests.HandesaimTelAvivSanity - successfulLogin - Running...
2024-12-11 21:38:58 INFO  com.example.tests.HandesaimTelAvivSanity - successfulLogin - PASSED
2024-12-11 21:38:59 INFO  com.example.tests.HandesaimTelAvivSanity - visitStartingPage - Navigating to: https://yedion.cts.org.il/yedion/fireflyweb.aspx?prgname=login
2024-12-11 21:38:59 INFO  com.example.tests.HandesaimTelAvivSanity - unsuccessfulLogin - Running...
2024-12-11 21:38:59 INFO  com.example.tests.HandesaimTelAvivSanity - unsuccessfulLogin - PASSED
